✅ TOKEN chargé avec succès!
✅ Cog chargé: absences
✅ Cog chargé: announcements
✅ Cog chargé: antispam
✅ Cog chargé: automod
✅ Cog chargé: bumper
✅ Cog chargé: command_config
✅ Cog chargé: economy
✅ Cog chargé: fun
✅ Cog chargé: giveaway
✅ Cog chargé: logs
✅ Cog chargé: moderation
✅ Cog chargé: panels
✅ Cog chargé: polls
✅ Cog chargé: reaction_roles
✅ Cog chargé: staff_lockers
✅ Cog chargé: staff_role_log
✅ Cog chargé: staff_table
✅ Cog chargé: suggestions
✅ Cog chargé: tickets
✅ Cog chargé: utils
✅ Cog chargé: welcome
✅ Cog chargé: xp
🔔 Système de reminder bump activé (toutes les 2 heures)
==================================================
✅ aotr rf off#9348 est connecté !
ID : 1528784616121434192
Serveurs: 2
  - aotr rf (ID: 1528452457934618734)
  - btverse (ID: 1531629565049438308)
==================================================
✅ Reminder bump ping envoyé à darksun_real dans bump
✅ 69 commande(s) slash synchronisée(s).
💡 Les commandes peuvent mettre jusqu'à 1 heure à apparaître.
💡 Essayez: /panel, /admin-panel, /help, /xp, /leaderboard
✅ Reminder bump ping envoyé à q86p dans test
